// Jest Snapshot v1, https://goo.gl/fbAQLP

exports[`render case: 1 1`] = `"<a><style></style><slot></slot></a>"`;

exports[`render case: 2 1`] = `"<a><style></style><slot></slot></a>"`;

exports[`render case: 3 1`] = `"<a><style>a { color: #333; }</style><slot></slot></a>"`;
